$mapping = 
[
    { type => 'ssd:0:80',        tag => 'pagescommitlog' },
    { type => 'ssd:80:90',      tag => 'hpodcommitlog'  },
    { type => 'ssd:90:100',      tag => 'hpoddata'       },
    { type => 'ssd:0:100',             tag => 'hblockcommitlog'   },
    { type => 'ssd:0:100',              tag => 'pagesflash'      },
    { type => 'hdd',              tag => 'pagesdata'     },
    { type => 'hdd',              tag => 'pagesdata'     },
    { type => 'hdd',              tag => 'pagesdata'     },
    { type => 'hdd',              tag => 'hblockdata'     },
    { type => 'hdd',              tag => 'hblockdata'     },
    { type => 'hdd',              tag => 'hblockdata'     },
    { type => 'hdd',              tag => 'hblockdata'     },
    { type => 'hdd',              tag => 'hblockdata'     },
    { type => 'hdd',              tag => 'hblockdata'     },
    { type => 'hdd',              tag => 'hblockdata'     },
    { type => 'hdd',              tag => 'hblockdata'     },
    { type => 'hdd',              tag => 'hblockdata'     },
    { type => 'hdd',              tag => 'hblockdata'     },
    { type => 'hdd',              tag => 'hblockdata'     },
    { type => 'hdd',              tag => 'hblockdata'     },
    { type => 'hdd',              tag => 'hblockdata'     },
    { type => 'hdd',              tag => 'hblockdata'     },
    { type => 'hdd',              tag => 'hblockdata'     },
];
